vdoc: No documentation found for /v/vmaster/cmd/tools/vdoc/tests/testdata/project1/main.v
