my header

This is the main content:
-------------------------
some string
-------------------------

my footer
